Microchip MPLAB XC8 Compiler V2.40

Linker command line:

-W-3 \
  --edf=C:\Program Files\Microchip\xc8\v2.40\pic\dat\20220703182018_en.msgs \
  -cn -h+dist/default/production\Interrupt.X.production.sym \
  --cmf=dist/default/production\Interrupt.X.production.cmf -z -Q16F1827 \
  -oC:\Users\rrtc2\AppData\Local\Temp\xcAsvqc.4 --defsym=__MPLAB_BUILD=1 \
  --fixupoverflow=error \
  -Mdist/default/production/Interrupt.X.production.map \
  --md=C:\Users\rrtc2\AppData\Local\Temp\xcAsvqc.dat -E1 -ver=XC8 Compiler \
  --acfsm=1493 -ACODE=00h-07FFhx2 -ASTRCODE=00h-0FFFh -ASTRING=00h-0FFhx16 \
  -ACONST=00h-0FFhx16 -AENTRY=00h-0FFhx16 -ACOMMON=070h-07Fh \
  -ABANK0=020h-06Fh -ABANK1=0A0h-0EFh -ABANK2=0120h-016Fh \
  -ABANK3=01A0h-01EFh -ABANK4=0220h-024Fh -ABIGRAM=02000h-0216Fh \
  -ARAM=020h-06Fh,0A0h-0EFh,0120h-016Fh,01A0h-01EFh,0220h-024Fh \
  -AABS1=020h-07Fh,0A0h-0EFh,0120h-016Fh,01A0h-01EFh,0220h-024Fh \
  -ASFR0=00h-01Fh -ASFR1=080h-09Fh -ASFR2=0100h-011Fh -ASFR3=0180h-019Fh \
  -ASFR4=0200h-021Fh -ASFR5=0280h-02EFh -ASFR6=0300h-036Fh \
  -ASFR7=0380h-03EFh -ASFR8=0400h-046Fh -ASFR9=0480h-04EFh \
  -ASFR10=0500h-056Fh -ASFR11=0580h-05EFh -ASFR12=0600h-066Fh \
  -ASFR13=0680h-06EFh -ASFR14=0700h-076Fh -ASFR15=0780h-07EFh \
  -ASFR16=0800h-086Fh -ASFR17=0880h-08EFh -ASFR18=0900h-096Fh \
  -ASFR19=0980h-09EFh -ASFR20=0A00h-0A6Fh -ASFR21=0A80h-0AEFh \
  -ASFR22=0B00h-0B6Fh -ASFR23=0B80h-0BEFh -ASFR24=0C00h-0C6Fh \
  -ASFR25=0C80h-0CEFh -ASFR26=0D00h-0D6Fh -ASFR27=0D80h-0DEFh \
  -ASFR28=0E00h-0E6Fh -ASFR29=0E80h-0EEFh -ASFR30=0F00h-0F6Fh \
  -ASFR31=0F80h-0FEFh -ACONFIG=08007h-08008h -DCONFIG=2 \
  -AIDLOC=08000h-08003h -DIDLOC=2 -AEEDATA=00h-0FFh/0F000h \
  -peeprom_data=EEDATA -DEEDATA=2 -DCODE=2 -DSTRCODE=2 -DSTRING=2 -DCONST=2 \
  -DENTRY=2 -preset_vec=00h,intentry=04h,init,end_init -ppowerup=CODE \
  -pcinit=CODE -pfunctab=ENTRY -k \
  C:\Users\rrtc2\AppData\Local\Temp\xcAsvqc.o \
  dist/default/production\Interrupt.X.production.o 

Object code version is 3.11

Machine type is 16F1827



                Name                               Link     Load   Length Selector   Space Scale
C:\Users\rrtc2\AppData\Local\Temp\xcAsvqc.o
                end_init                             80       80        2        8       0
                reset_vec                             0        0        2        0       0
                config                             8007     8007        2        0       4
                idloc                              8000     8000        4        0       5
dist/default/production\Interrupt.X.production.o
                cinit                                82       82       18        8       0
                intentry                              4        4       7C        8       0
                config                             8007     8007        2        0       4
                idloc                              8000     8000        4        0       5
                text16                              3F8      3F8       13        8       0
                text15                              35C      35C       35        8       0
                text14                              1DD      1DD       5B        8       0
                text13                              2D6      2D6       4B        8       0
                text12                              391      391       33        8       0
                text11                               9A       9A       E4        8       0
                text10                              427      427        9        8       0
                text9                               3C4      3C4       20        8       0
                text8                               442      442        4        8       0
                text7                               238      238       53        8       0
                text6                               321      321       3B        8       0
                text5                               17E      17E       5F        8       0
                text3                               41A      41A        D        8       0
                text2                               40B      40B        F        8       0
                text1                               28B      28B       4B        8       0
                maintext                            43C      43C        6        8       0
                cstackBANK0                          20       20       28       20       1
                cstackCOMMON                         70       70        E       70       1
                clrtext                             436      436        6        8       0
                inittext                            430      430        6        8       0
                dataBANK1                            A0       A0       14       A0       1
                bssBANK0                             48       48       19       20       1
                idataBANK1                          3E4      3E4       14        8       0

TOTAL           Name                               Link     Load   Length     Space
        CLASS   CODE           
                end_init                             80       80        2         0
                cinit                                82       82       18         0
                intentry                              4        4       7C         0
                reset_vec                             0        0        2         0
                text16                              3F8      3F8       13         0
                text15                              35C      35C       35         0
                text14                              1DD      1DD       5B         0
                text13                              2D6      2D6       4B         0
                text12                              391      391       33         0
                text11                               9A       9A       E4         0
                text10                              427      427        9         0
                text9                               3C4      3C4       20         0
                text8                               442      442        4         0
                text7                               238      238       53         0
                text6                               321      321       3B         0
                text5                               17E      17E       5F         0
                text3                               41A      41A        D         0
                text2                               40B      40B        F         0
                text1                               28B      28B       4B         0
                maintext                            43C      43C        6         0
                clrtext                             436      436        6         0
                inittext                            430      430        6         0
                idataBANK1                          3E4      3E4       14         0

        CLASS   STRCODE        

        CLASS   STRING         

        CLASS   CONST          

        CLASS   ENTRY          

        CLASS   COMMON         
                cstackCOMMON                         70       70        E         1

        CLASS   BANK0          
                cstackBANK0                          20       20       28         1
                bssBANK0                             48       48       19         1

        CLASS   BANK1          
                dataBANK1                            A0       A0       14         1

        CLASS   BANK2          

        CLASS   BANK3          

        CLASS   BANK4          

        CLASS   BIGRAM         

        CLASS   RAM            

        CLASS   ABS1           
                abs_s1                               7E       7E        2         1

        CLASS   SFR0           

        CLASS   SFR1           

        CLASS   SFR2           

        CLASS   SFR3           

        CLASS   SFR4           

        CLASS   SFR5           

        CLASS   SFR6           

        CLASS   SFR7           

        CLASS   SFR8           

        CLASS   SFR9           

        CLASS   SFR10          

        CLASS   SFR11          

        CLASS   SFR12          

        CLASS   SFR13          

        CLASS   SFR14          

        CLASS   SFR15          

        CLASS   SFR16          

        CLASS   SFR17          

        CLASS   SFR18          

        CLASS   SFR19          

        CLASS   SFR20          

        CLASS   SFR21          

        CLASS   SFR22          

        CLASS   SFR23          

        CLASS   SFR24          

        CLASS   SFR25          

        CLASS   SFR26          

        CLASS   SFR27          

        CLASS   SFR28          

        CLASS   SFR29          

        CLASS   SFR30          

        CLASS   SFR31          

        CLASS   CONFIG         
                config                             8007     8007        2         4

        CLASS   IDLOC          
                idloc                              8000     8000        4         5

        CLASS   EEDATA         

        CLASS   BANK31         

        CLASS   BANK30         

        CLASS   BANK29         

        CLASS   BANK28         

        CLASS   BANK27         

        CLASS   BANK26         

        CLASS   BANK25         

        CLASS   BANK24         

        CLASS   BANK23         

        CLASS   BANK22         

        CLASS   BANK21         

        CLASS   BANK20         

        CLASS   BANK19         

        CLASS   BANK18         

        CLASS   BANK17         

        CLASS   BANK16         

        CLASS   BANK15         

        CLASS   BANK14         

        CLASS   BANK13         

        CLASS   BANK12         

        CLASS   BANK11         

        CLASS   BANK10         

        CLASS   BANK9          

        CLASS   BANK8          

        CLASS   BANK7          

        CLASS   BANK6          

        CLASS   BANK5          

        CLASS   HEAP           

        CLASS   STACK          



SEGMENTS        Name                           Load    Length   Top    Selector   Space  Class     Delta

                reset_vec                      000000  000002  000002         0       0  CODE        2
                intentry                       000004  000442  000446         8       0  CODE        2
                cstackBANK0                    000020  000041  000061        20       1  BANK0       1
                cstackCOMMON                   000070  00000E  00007E        70       1  COMMON      1
                dataBANK1                      0000A0  000014  0000B4        A0       1  BANK1       1


UNUSED ADDRESS RANGES

        Name                Unused          Largest block    Delta
        BANK0            00061-0006F               F           1
        BANK1            000B4-000EF              3C           1
        BANK2            00120-0016F              50           1
        BANK3            001A0-001EF              50           1
        BANK4            00220-0024F              30           1
        BIGRAM           02000-0216F             170           1
        CODE             00002-00003               2           2
                         00446-00FFF             3BA
        CONST            00002-00003               2           2
                         00446-00FFF             100
        EEDATA           0F000-0F0FF             100           2
        ENTRY            00002-00003               2           2
                         00446-00FFF             100
        RAM              00061-0006F               F           1
                         000B4-000EF              3C
                         00120-0016F              50
                         001A0-001EF              50
                         00220-0024F              30
        SFR0             00000-0001F              20           1
        SFR1             00080-0009F              20           1
        SFR10            00500-0056F              70           1
        SFR11            00580-005EF              70           1
        SFR12            00600-0066F              70           1
        SFR13            00680-006EF              70           1
        SFR14            00700-0076F              70           1
        SFR15            00780-007EF              70           1
        SFR16            00800-0086F              70           1
        SFR17            00880-008EF              70           1
        SFR18            00900-0096F              70           1
        SFR19            00980-009EF              70           1
        SFR2             00100-0011F              20           1
        SFR20            00A00-00A6F              70           1
        SFR21            00A80-00AEF              70           1
        SFR22            00B00-00B6F              70           1
        SFR23            00B80-00BEF              70           1
        SFR24            00C00-00C6F              70           1
        SFR25            00C80-00CEF              70           1
        SFR26            00D00-00D6F              70           1
        SFR27            00D80-00DEF              70           1
        SFR28            00E00-00E6F              70           1
        SFR29            00E80-00EEF              70           1
        SFR3             00180-0019F              20           1
        SFR30            00F00-00F6F              70           1
        SFR31            00F80-00FEF              70           1
        SFR4             00200-0021F              20           1
        SFR5             00280-002EF              70           1
        SFR6             00300-0036F              70           1
        SFR7             00380-003EF              70           1
        SFR8             00400-0046F              70           1
        SFR9             00480-004EF              70           1
        STRCODE          00002-00003               2           2
                         00446-00FFF             BBA
        STRING           00002-00003               2           2
                         00446-00FFF             100

                                  Symbol Table

?___awmod                  cstackCOMMON 00070
?___lldiv                  cstackBANK0  00020
?___llmod                  cstackBANK0  0002D
?___lmul                   cstackCOMMON 00070
ASCII_Con@a                cstackCOMMON 00070
ASCII_Con@b                cstackCOMMON 00072
ASCII_Con@c                cstackCOMMON 00074
ASCII_Con@r                bssBANK0     0004E
UART_write@c               cstackCOMMON 00070
_ADCON0bits                (abs)        0009D
_ADCON1bits                (abs)        0009E
_ADRESH                    (abs)        0009C
_ADRESL                    (abs)        0009B
_ANSELAbits                (abs)        0018C
_ANSELBbits                (abs)        0018D
_APFCON1bits               (abs)        0011E
_ASCII_Con                 text16       003F8
_BAUDCONbits               (abs)        0019F
_FVRCONbits                (abs)        00117
_INTCONbits                (abs)        0000B
_LATAbits                  (abs)        0010C
_LATBbits                  (abs)        0010D
_OPTION_REGbits            (abs)        00095
_OSCCONbits                (abs)        00099
_PIE1bits                  (abs)        00091
_PIR1bits                  (abs)        00011
_RCSTAbits                 (abs)        0019D
_SPBRG                     (abs)        0019B
_TMR0                      (abs)        00015
_TMR0_INIT                 text3        0041A
_TRISAbits                 (abs)        0008C
_TRISBbits                 (abs)        0008D
_TXREG                     (abs)        0019A
_TXSTAbits                 (abs)        0019E
_UART_write                text10       00427
__Habs1                    abs1         00000
__Hbank0                   bank0        00000
__Hbank1                   bank1        00000
__Hbank10                  bank10       00000
__Hbank11                  bank11       00000
__Hbank12                  bank12       00000
__Hbank13                  bank13       00000
__Hbank14                  bank14       00000
__Hbank15                  bank15       00000
__Hbank16                  bank16       00000
__Hbank17                  bank17       00000
__Hbank18                  bank18       00000
__Hbank19                  bank19       00000
__Hbank2                   bank2        00000
__Hbank20                  bank20       00000
__Hbank21                  bank21       00000
__Hbank22                  bank22       00000
__Hbank23                  bank23       00000
__Hbank24                  bank24       00000
__Hbank25                  bank25       00000
__Hbank26                  bank26       00000
__Hbank27                  bank27       00000
__Hbank28                  bank28       00000
__Hbank29                  bank29       00000
__Hbank3                   bank3        00000
__Hbank30                  bank30       00000
__Hbank31                  bank31       00000
__Hbank4                   bank4        00000
__Hbank5                   bank5        00000
__Hbank6                   bank6        00000
__Hbank7                   bank7        00000
__Hbank8                   bank8        00000
__Hbank9                   bank9        00000
__Hbigram                  bigram       00000
__HbssBANK0                bssBANK0     00000
__Hcinit                   cinit        0009A
__Hclrtext                 clrtext      00000
__Hcode                    code         00000
__Hcommon                  common       00000
__Hconfig                  config       08009
__HcstackBANK0             cstackBANK0  00000
__HcstackBANK1             cstackBANK1  00000
__HcstackCOMMON            cstackCOMMON 00000
__HdataBANK1               dataBANK1    00000
__Heeprom_data             eeprom_data  00000
__Hend_init                end_init     00082
__Hfunctab                 functab      00000
__Hheap                    heap         00000
__HidataBANK1              idataBANK1   00000
__Hidloc                   idloc        08004
__Hinit                    init         00080
__Hinittext                inittext     00000
__Hintentry                intentry     00080
__Hmaintext                maintext     00000
__Hpowerup                 powerup      00000
__Hram                     ram          00000
__Hreset_vec               reset_vec    00002
__Hsfr0                    sfr0         00000
__Hsfr1                    sfr1         00000
__Hsfr10                   sfr10        00000
__Hsfr11                   sfr11        00000
__Hsfr12                   sfr12        00000
__Hsfr13                   sfr13        00000
__Hsfr14                   sfr14        00000
__Hsfr15                   sfr15        00000
__Hsfr16                   sfr16        00000
__Hsfr17                   sfr17        00000
__Hsfr18                   sfr18        00000
__Hsfr19                   sfr19        00000
__Hsfr2                    sfr2         00000
__Hsfr20                   sfr20        00000
__Hsfr21                   sfr21        00000
__Hsfr22                   sfr22        00000
__Hsfr23                   sfr23        00000
__Hsfr24                   sfr24        00000
__Hsfr25                   sfr25        00000
__Hsfr26                   sfr26        00000
__Hsfr27                   sfr27        00000
__Hsfr28                   sfr28        00000
__Hsfr29                   sfr29        00000
__Hsfr3                    sfr3         00000
__Hsfr30                   sfr30        00000
__Hsfr31                   sfr31        00000
__Hsfr4                    sfr4         00000
__Hsfr5                    sfr5         00000
__Hsfr6                    sfr6         00000
__Hsfr7                    sfr7         00000
__Hsfr8                    sfr8         00000
__Hsfr9                    sfr9         00000
__Hspace_0                 (abs)        00446
__Hspace_1                 (abs)        000B4
__Hspace_2                 (abs)        00000
__Hspace_3                 (abs)        00000
__Hspace_4                 (abs)        10010
__Hstack                   stack        00000
__Hstrings                 strings      00000
__Htext                    text         00000
__Labs1                    abs1         00000
__Lbank0                   bank0        00000
__Lbank1                   bank1        00000
__Lbank10                  bank10       00000
__Lbank11                  bank11       00000
__Lbank12                  bank12       00000
__Lbank13                  bank13       00000
__Lbank14                  bank14       00000
__Lbank15                  bank15       00000
__Lbank16                  bank16       00000
__Lbank17                  bank17       00000
__Lbank18                  bank18       00000
__Lbank19                  bank19       00000
__Lbank2                   bank2        00000
__Lbank20                  bank20       00000
__Lbank21                  bank21       00000
__Lbank22                  bank22       00000
__Lbank23                  bank23       00000
__Lbank24                  bank24       00000
__Lbank25                  bank25       00000
__Lbank26                  bank26       00000
__Lbank27                  bank27       00000
__Lbank28                  bank28       00000
__Lbank29                  bank29       00000
__Lbank3                   bank3        00000
__Lbank30                  bank30       00000
__Lbank31                  bank31       00000
__Lbank4                   bank4        00000
__Lbank5                   bank5        00000
__Lbank6                   bank6        00000
__Lbank7                   bank7        00000
__Lbank8                   bank8        00000
__Lbank9                   bank9        00000
__Lbigram                  bigram       00000
__LbssBANK0                bssBANK0     00000
__Lcinit                   cinit        00082
__Lclrtext                 clrtext      00000
__Lcode                    code         00000
__Lcommon                  common       00000
__Lconfig                  config       00000
__LcstackBANK0             cstackBANK0  00000
__LcstackBANK1             cstackBANK1  00000
__LcstackCOMMON            cstackCOMMON 00000
__LdataBANK1               dataBANK1    00000
__Leeprom_data             eeprom_data  00000
__Lend_init                end_init     00080
__Lfunctab                 functab      00000
__Lheap                    heap         00000
__LidataBANK1              idataBANK1   00000
__Lidloc                   idloc        00000
__Linit                    init         00080
__Linittext                inittext     00000
__Lintentry                intentry     00004
__Lmaintext                maintext     00000
__Lpowerup                 powerup      00000
__Lram                     ram          00000
__Lreset_vec               reset_vec    00000
__Lsfr0                    sfr0         00000
__Lsfr1                    sfr1         00000
__Lsfr10                   sfr10        00000
__Lsfr11                   sfr11        00000
__Lsfr12                   sfr12        00000
__Lsfr13                   sfr13        00000
__Lsfr14                   sfr14        00000
__Lsfr15                   sfr15        00000
__Lsfr16                   sfr16        00000
__Lsfr17                   sfr17        00000
__Lsfr18                   sfr18        00000
__Lsfr19                   sfr19        00000
__Lsfr2                    sfr2         00000
__Lsfr20                   sfr20        00000
__Lsfr21                   sfr21        00000
__Lsfr22                   sfr22        00000
__Lsfr23                   sfr23        00000
__Lsfr24                   sfr24        00000
__Lsfr25                   sfr25        00000
__Lsfr26                   sfr26        00000
__Lsfr27                   sfr27        00000
__Lsfr28                   sfr28        00000
__Lsfr29                   sfr29        00000
__Lsfr3                    sfr3         00000
__Lsfr30                   sfr30        00000
__Lsfr31                   sfr31        00000
__Lsfr4                    sfr4         00000
__Lsfr5                    sfr5         00000
__Lsfr6                    sfr6         00000
__Lsfr7                    sfr7         00000
__Lsfr8                    sfr8         00000
__Lsfr9                    sfr9         00000
__Lspace_0                 (abs)        00000
__Lspace_1                 (abs)        00000
__Lspace_2                 (abs)        00000
__Lspace_3                 (abs)        00000
__Lspace_4                 (abs)        00000
__Lstack                   stack        00000
__Lstrings                 strings      00000
__Ltext                    text         00000
__S0                       (abs)        00446
__S1                       (abs)        000B4
__S3                       (abs)        00000
___awmod                   text7        00238
___awmod@counter           cstackCOMMON 00075
___awmod@dividend          cstackCOMMON 00072
___awmod@divisor           cstackCOMMON 00070
___awmod@sign              cstackCOMMON 00076
___heap_hi                 (abs)        00000
___heap_lo                 (abs)        00000
___int_sp                  stack        00000
___latbits                 (abs)        00001
___lldiv                   text14       001DD
___lldiv@counter           cstackBANK0  0002C
___lldiv@dividend          cstackBANK0  00024
___lldiv@divisor           cstackBANK0  00020
___lldiv@quotient          cstackBANK0  00028
___llmod                   text13       002D6
___llmod@counter           cstackBANK0  00035
___llmod@dividend          cstackBANK0  00031
___llmod@divisor           cstackBANK0  0002D
___lmul                    text12       00391
___lmul@multiplicand       cstackCOMMON 00074
___lmul@multiplier         cstackCOMMON 00070
___lmul@product            cstackCOMMON 00078
___sp                      stack        00000
___stackhi                 (abs)        00000
___stacklo                 (abs)        00000
__end_of_ASCII_Con         text16       0040B
__end_of_TMR0_INIT         text3        00427
__end_of_UART_write        text10       00430
__end_of___awmod           text7        0028B
__end_of___lldiv           text14       00238
__end_of___llmod           text13       00321
__end_of___lmul            text12       003C4
__end_of__initialization   cinit        00096
__end_of_init_IO           text1        002D6
__end_of_init_UART         text2        0041A
__end_of_interrupciones    intentry     00080
__end_of_main              maintext     00442
__end_of_math7Seg          text15       00391
__end_of_mathBCD           text11       0017E
__end_of_printUART         text9        003E4
__end_of_readADC           text8        00446
__end_of_showNumber        text6        0035C
__end_of_showNumbers       text5        001DD
__initialization           cinit        00082
__pbssBANK0                bssBANK0     00048
__pcstackBANK0             cstackBANK0  00020
__pcstackBANK1             cstackBANK1  00000
__pcstackCOMMON            cstackCOMMON 00070
__pdataBANK1               dataBANK1    000A0
__pidataBANK1              idataBANK1   003E4
__pintentry                intentry     00004
__pmaintext                maintext     0043C
__ptext1                   text1        0028B
__ptext10                  text10       00427
__ptext11                  text11       0009A
__ptext12                  text12       00391
__ptext13                  text13       002D6
__ptext14                  text14       001DD
__ptext15                  text15       0035C
__ptext16                  text16       003F8
__ptext2                   text2        0040B
__ptext3                   text3        0041A
__ptext5                   text5        0017E
__ptext6                   text6        00321
__ptext7                   text7        00238
__ptext8                   text8        00442
__ptext9                   text9        003C4
_init_IO                   text1        0028B
_init_UART                 text2        0040B
_interrupciones            intentry     00004
_main                      maintext     0043C
_math7Seg                  text15       0035C
_mathBCD                   text11       0009A
_mathBCD$1403              cstackBANK0  0003E
_printUART                 text9        003C4
_readADC                   text8        00442
_showNumber                text6        00321
_showNumbers               text5        0017E
btemp                      (abs)        0007E
clear_ram0                 clrtext      00436
end_of_initialization      cinit        00096
init_ram                   inittext     00430
int$flags                  (abs)        0007E
interrupciones@Cadena      bssBANK0     0004C
interrupciones@count       bssBANK0     0004A
interrupciones@displayData bssBANK0     0004D
interrupciones@numberBCD   cstackBANK0  00047
intlevel0                  functab      00000
intlevel1                  functab      00000
intlevel2                  functab      00000
intlevel3                  functab      00000
intlevel4                  functab      00000
intlevel5                  functab      00000
math7Seg@F2504             dataBANK1    000A0
math7Seg@iBCD              cstackBANK0  00034
math7Seg@numbers           cstackBANK0  00020
math7Seg@r                 bssBANK0     00055
mathBCD@iADC               cstackBANK0  00036
mathBCD@r                  bssBANK0     0005B
printUART@cadena           cstackCOMMON 00073
printUART@i                bssBANK0     00048
printUART@n                cstackCOMMON 00071
reset_vec                  reset_vec    00000
showNumber@digit           cstackCOMMON 00070
showNumbers@digits         cstackCOMMON 00079
showNumbers@n              cstackCOMMON 00077
start                      init         00080
start_initialization       cinit        00082
wtemp0                     (abs)        0007E


MODULE INFORMATION

Module		Function		Class		Link	Load	Size
C:\Program Files\Microchip\xc8\v2.40\pic\sources\c99\common\__lldiv.c
		___lldiv       		CODE           	01DD	0000	91

C:\Program Files\Microchip\xc8\v2.40\pic\sources\c99\common\__lldiv.c estimated size: 91

C:\Program Files\Microchip\xc8\v2.40\pic\sources\c99\common\Umul32.c
		___lmul        		CODE           	0391	0000	51

C:\Program Files\Microchip\xc8\v2.40\pic\sources\c99\common\Umul32.c estimated size: 51

shared
		__initialization		CODE           	0082	0000	20

shared estimated size: 20

C:\Program Files\Microchip\xc8\v2.40\pic\sources\c99\common\awmod.c
		___awmod       		CODE           	0238	0000	83

C:\Program Files\Microchip\xc8\v2.40\pic\sources\c99\common\awmod.c estimated size: 83

C:\Program Files\Microchip\xc8\v2.40\pic\sources\c99\common\llmod.c
		___llmod       		CODE           	02D6	0000	75

C:\Program Files\Microchip\xc8\v2.40\pic\sources\c99\common\llmod.c estimated size: 75

init.c
		_init_UART     		CODE           	040B	0000	15
		_TMR0_INIT     		CODE           	041A	0000	13
		_init_IO       		CODE           	028B	0000	75

init.c estimated size: 103

main.c
		_main          		CODE           	043C	0000	6
		_interrupciones		CODE           	0004	0000	124

main.c estimated size: 130

funtions.c
		_ASCII_Con     		CODE           	03F8	0000	19
		_showNumber    		CODE           	0321	0000	59
		_showNumbers   		CODE           	017E	0000	95
		_mathBCD       		CODE           	009A	0000	228
		_printUART     		CODE           	03C4	0000	32
		_math7Seg      		CODE           	035C	0000	53
		_UART_write    		CODE           	0427	0000	9
		_readADC       		CODE           	0442	0000	4

funtions.c estimated size: 499

