Microchip MPLAB XC8 Compiler V2.40

Linker command line:

-W-3 \
  --edf=C:\Program Files\Microchip\xc8\v2.40\pic\dat\20220703182018_en.msgs \
  -cn -h+dist/default/production\Polling.X.production.sym \
  --cmf=dist/default/production\Polling.X.production.cmf -z -Q16F1827 \
  -oC:\Users\rrtc2\AppData\Local\Temp\xcAsrak.4 --defsym=__MPLAB_BUILD=1 \
  --fixupoverflow=error -Mdist/default/production/Polling.X.production.map \
  --md=C:\Users\rrtc2\AppData\Local\Temp\xcAsrak.dat -E1 -ver=XC8 Compiler \
  --acfsm=1493 -ACODE=00h-07FFhx2 -ASTRCODE=00h-0FFFh -ASTRING=00h-0FFhx16 \
  -ACONST=00h-0FFhx16 -AENTRY=00h-0FFhx16 -ACOMMON=070h-07Fh \
  -ABANK0=020h-06Fh -ABANK1=0A0h-0EFh -ABANK2=0120h-016Fh \
  -ABANK3=01A0h-01EFh -ABANK4=0220h-024Fh -ABIGRAM=02000h-0216Fh \
  -ARAM=020h-06Fh,0A0h-0EFh,0120h-016Fh,01A0h-01EFh,0220h-024Fh \
  -AABS1=020h-07Fh,0A0h-0EFh,0120h-016Fh,01A0h-01EFh,0220h-024Fh \
  -ASFR0=00h-01Fh -ASFR1=080h-09Fh -ASFR2=0100h-011Fh -ASFR3=0180h-019Fh \
  -ASFR4=0200h-021Fh -ASFR5=0280h-02EFh -ASFR6=0300h-036Fh \
  -ASFR7=0380h-03EFh -ASFR8=0400h-046Fh -ASFR9=0480h-04EFh \
  -ASFR10=0500h-056Fh -ASFR11=0580h-05EFh -ASFR12=0600h-066Fh \
  -ASFR13=0680h-06EFh -ASFR14=0700h-076Fh -ASFR15=0780h-07EFh \
  -ASFR16=0800h-086Fh -ASFR17=0880h-08EFh -ASFR18=0900h-096Fh \
  -ASFR19=0980h-09EFh -ASFR20=0A00h-0A6Fh -ASFR21=0A80h-0AEFh \
  -ASFR22=0B00h-0B6Fh -ASFR23=0B80h-0BEFh -ASFR24=0C00h-0C6Fh \
  -ASFR25=0C80h-0CEFh -ASFR26=0D00h-0D6Fh -ASFR27=0D80h-0DEFh \
  -ASFR28=0E00h-0E6Fh -ASFR29=0E80h-0EEFh -ASFR30=0F00h-0F6Fh \
  -ASFR31=0F80h-0FEFh -ACONFIG=08007h-08008h -DCONFIG=2 \
  -AIDLOC=08000h-08003h -DIDLOC=2 -AEEDATA=00h-0FFh/0F000h \
  -peeprom_data=EEDATA -DEEDATA=2 -DCODE=2 -DSTRCODE=2 -DSTRING=2 -DCONST=2 \
  -DENTRY=2 -preset_vec=00h,intentry,init,end_init -ppowerup=CODE \
  -pcinit=CODE -pfunctab=ENTRY -k \
  C:\Users\rrtc2\AppData\Local\Temp\xcAsrak.o \
  dist/default/production\Polling.X.production.o 

Object code version is 3.11

Machine type is 16F1827



                Name                               Link     Load   Length Selector   Space Scale
C:\Users\rrtc2\AppData\Local\Temp\xcAsrak.o
                end_init                              2        2        2        0       0
                reset_vec                             0        0        2        0       0
                config                             8007     8007        2        0       4
                idloc                              8000     8000        4        0       5
dist/default/production\Polling.X.production.o
                cinit                               7E9      7E9       17      FD2       0
                config                             8007     8007        2        0       4
                idloc                              8000     8000        4        0       5
                text13                              472      472        E      8E4       0
                text12                              50D      50D       35      A1A       0
                text11                              45C      45C        9      8B8       0
                text10                              494      494       21      928       0
                text9                               465      465        D      8CA       0
                text8                               57D      57D       45      AFA       0
                text7                               6AA      6AA       5B      D54       0
                text6                               609      609       4B      C12       0
                text5                               4DA      4DA       33      9B4       0
                text4                               705      705       E4      E0A       0
                text3                               4B5      4B5       25      96A       0
                text2                               542      542       3B      A84       0
                text1                               654      654       56      CA8       0
                maintext                            5C2      5C2       47      B84       0
                cstackBANK0                          20       20       28       20       1
                cstackCOMMON                         70       70        E       70       1
                clrtext                             450      450        6      8A0       0
                inittext                            456      456        6      8AC       0
                dataBANK0                            48       48       14       20       1
                bssBANK0                             5C       5C       10       20       1
                idataBANK0                          480      480       14      900       0

TOTAL           Name                               Link     Load   Length     Space
        CLASS   CODE           
                end_init                              2        2        2         0
                cinit                               7E9      7E9       17         0
                reset_vec                             0        0        2         0
                text13                              472      472        E         0
                text12                              50D      50D       35         0
                text11                              45C      45C        9         0
                text10                              494      494       21         0
                text9                               465      465        D         0
                text8                               57D      57D       45         0
                text7                               6AA      6AA       5B         0
                text6                               609      609       4B         0
                text5                               4DA      4DA       33         0
                text4                               705      705       E4         0
                text3                               4B5      4B5       25         0
                text2                               542      542       3B         0
                text1                               654      654       56         0
                maintext                            5C2      5C2       47         0
                clrtext                             450      450        6         0
                inittext                            456      456        6         0
                idataBANK0                          480      480       14         0

        CLASS   STRCODE        

        CLASS   STRING         

        CLASS   CONST          

        CLASS   ENTRY          

        CLASS   COMMON         
                cstackCOMMON                         70       70        E         1

        CLASS   BANK0          
                cstackBANK0                          20       20       28         1
                dataBANK0                            48       48       14         1
                bssBANK0                             5C       5C       10         1

        CLASS   BANK1          

        CLASS   BANK2          

        CLASS   BANK3          

        CLASS   BANK4          

        CLASS   BIGRAM         

        CLASS   RAM            

        CLASS   ABS1           
                abs_s1                               7E       7E        2         1

        CLASS   SFR0           

        CLASS   SFR1           

        CLASS   SFR2           

        CLASS   SFR3           

        CLASS   SFR4           

        CLASS   SFR5           

        CLASS   SFR6           

        CLASS   SFR7           

        CLASS   SFR8           

        CLASS   SFR9           

        CLASS   SFR10          

        CLASS   SFR11          

        CLASS   SFR12          

        CLASS   SFR13          

        CLASS   SFR14          

        CLASS   SFR15          

        CLASS   SFR16          

        CLASS   SFR17          

        CLASS   SFR18          

        CLASS   SFR19          

        CLASS   SFR20          

        CLASS   SFR21          

        CLASS   SFR22          

        CLASS   SFR23          

        CLASS   SFR24          

        CLASS   SFR25          

        CLASS   SFR26          

        CLASS   SFR27          

        CLASS   SFR28          

        CLASS   SFR29          

        CLASS   SFR30          

        CLASS   SFR31          

        CLASS   CONFIG         
                config                             8007     8007        2         4

        CLASS   IDLOC          
                idloc                              8000     8000        4         5

        CLASS   EEDATA         

        CLASS   BANK31         

        CLASS   BANK30         

        CLASS   BANK29         

        CLASS   BANK28         

        CLASS   BANK27         

        CLASS   BANK26         

        CLASS   BANK25         

        CLASS   BANK24         

        CLASS   BANK23         

        CLASS   BANK22         

        CLASS   BANK21         

        CLASS   BANK20         

        CLASS   BANK19         

        CLASS   BANK18         

        CLASS   BANK17         

        CLASS   BANK16         

        CLASS   BANK15         

        CLASS   BANK14         

        CLASS   BANK13         

        CLASS   BANK12         

        CLASS   BANK11         

        CLASS   BANK10         

        CLASS   BANK9          

        CLASS   BANK8          

        CLASS   BANK7          

        CLASS   BANK6          

        CLASS   BANK5          

        CLASS   HEAP           

        CLASS   STACK          



SEGMENTS        Name                           Load    Length   Top    Selector   Space  Class     Delta

                reset_vec                      000000  000004  000004         0       0  CODE        2
                cstackBANK0                    000020  00004C  00006C        20       1  BANK0       1
                cstackCOMMON                   000070  00000E  00007E        70       1  COMMON      1
                clrtext                        000450  000006  000456       8A0       0  CODE        2
                inittext                       000456  000006  00045C       8AC       0  CODE        2
                text11                         00045C  000009  000465       8B8       0  CODE        2
                text9                          000465  00000D  000472       8CA       0  CODE        2
                text13                         000472  00000E  000480       8E4       0  CODE        2
                idataBANK0                     000480  000014  000494       900       0  CODE        2
                text10                         000494  000021  0004B5       928       0  CODE        2
                text3                          0004B5  000025  0004DA       96A       0  CODE        2
                text5                          0004DA  000033  00050D       9B4       0  CODE        2
                text12                         00050D  000035  000542       A1A       0  CODE        2
                text2                          000542  00003B  00057D       A84       0  CODE        2
                text8                          00057D  000045  0005C2       AFA       0  CODE        2
                maintext                       0005C2  000047  000609       B84       0  CODE        2
                text6                          000609  00004B  000654       C12       0  CODE        2
                text1                          000654  000056  0006AA       CA8       0  CODE        2
                text7                          0006AA  00005B  000705       D54       0  CODE        2
                text4                          000705  0000E4  0007E9       E0A       0  CODE        2
                cinit                          0007E9  000017  000800       FD2       0  CODE        2


UNUSED ADDRESS RANGES

        Name                Unused          Largest block    Delta
        BANK0            0006C-0006F               4           1
        BANK1            000A0-000EF              50           1
        BANK2            00120-0016F              50           1
        BANK3            001A0-001EF              50           1
        BANK4            00220-0024F              30           1
        BIGRAM           02000-0216F             170           1
        CODE             00004-0044F             44C           2
                         00800-00FFF             800
        CONST            00004-0044F             100           2
                         00800-00FFF             100
        EEDATA           0F000-0F0FF             100           2
        ENTRY            00004-0044F             100           2
                         00800-00FFF             100
        RAM              0006C-0006F               4           1
                         000A0-000EF              50
                         00120-0016F              50
                         001A0-001EF              50
                         00220-0024F              30
        SFR0             00000-0001F              20           1
        SFR1             00080-0009F              20           1
        SFR10            00500-0056F              70           1
        SFR11            00580-005EF              70           1
        SFR12            00600-0066F              70           1
        SFR13            00680-006EF              70           1
        SFR14            00700-0076F              70           1
        SFR15            00780-007EF              70           1
        SFR16            00800-0086F              70           1
        SFR17            00880-008EF              70           1
        SFR18            00900-0096F              70           1
        SFR19            00980-009EF              70           1
        SFR2             00100-0011F              20           1
        SFR20            00A00-00A6F              70           1
        SFR21            00A80-00AEF              70           1
        SFR22            00B00-00B6F              70           1
        SFR23            00B80-00BEF              70           1
        SFR24            00C00-00C6F              70           1
        SFR25            00C80-00CEF              70           1
        SFR26            00D00-00D6F              70           1
        SFR27            00D80-00DEF              70           1
        SFR28            00E00-00E6F              70           1
        SFR29            00E80-00EEF              70           1
        SFR3             00180-0019F              20           1
        SFR30            00F00-00F6F              70           1
        SFR31            00F80-00FEF              70           1
        SFR4             00200-0021F              20           1
        SFR5             00280-002EF              70           1
        SFR6             00300-0036F              70           1
        SFR7             00380-003EF              70           1
        SFR8             00400-0046F              70           1
        SFR9             00480-004EF              70           1
        STRCODE          00004-0044F             44C           2
                         00800-00FFF             800
        STRING           00004-0044F             100           2
                         00800-00FFF             100

                                  Symbol Table

?___lldiv                 cstackBANK0  00020
?___llmod                 cstackBANK0  0002D
?___lmul                  cstackCOMMON 00070
?_readADC                 cstackCOMMON 00070
ASCII_Con@a               cstackCOMMON 00070
ASCII_Con@b               cstackCOMMON 00072
ASCII_Con@c               cstackCOMMON 00074
ASCII_Con@r               bssBANK0     00068
Matematicas_7seg@F2503    dataBANK0    00048
Matematicas_7seg@iBCD     cstackBANK0  00034
Matematicas_7seg@numbers  cstackBANK0  00020
Matematicas_7seg@r        bssBANK0     0005C
UART_print@cadena         cstackCOMMON 00074
UART_print@i              cstackCOMMON 00072
UART_write@c              cstackCOMMON 00070
_ADCON0bits               (abs)        0009D
_ADCON1bits               (abs)        0009E
_ADRESH                   (abs)        0009C
_ADRESL                   (abs)        0009B
_ANSELAbits               (abs)        0018C
_ANSELBbits               (abs)        0018D
_APFCON1bits              (abs)        0011E
_ASCII_Con                text13       00472
_BAUDCONbits              (abs)        0019F
_FVRCONbits               (abs)        00117
_LATAbits                 (abs)        0010C
_LATBbits                 (abs)        0010D
_Matematicas_7seg         text12       0050D
_OSCCONbits               (abs)        00099
_RCSTAbits                (abs)        0019D
_SPBRG                    (abs)        0019B
_TRISAbits                (abs)        0008C
_TRISBbits                (abs)        0008D
_TXREG                    (abs)        0019A
_TXSTAbits                (abs)        0019E
_UART_print               text10       00494
_UART_write               text11       0045C
__Habs1                   abs1         00000
__Hbank0                  bank0        00000
__Hbank1                  bank1        00000
__Hbank10                 bank10       00000
__Hbank11                 bank11       00000
__Hbank12                 bank12       00000
__Hbank13                 bank13       00000
__Hbank14                 bank14       00000
__Hbank15                 bank15       00000
__Hbank16                 bank16       00000
__Hbank17                 bank17       00000
__Hbank18                 bank18       00000
__Hbank19                 bank19       00000
__Hbank2                  bank2        00000
__Hbank20                 bank20       00000
__Hbank21                 bank21       00000
__Hbank22                 bank22       00000
__Hbank23                 bank23       00000
__Hbank24                 bank24       00000
__Hbank25                 bank25       00000
__Hbank26                 bank26       00000
__Hbank27                 bank27       00000
__Hbank28                 bank28       00000
__Hbank29                 bank29       00000
__Hbank3                  bank3        00000
__Hbank30                 bank30       00000
__Hbank31                 bank31       00000
__Hbank4                  bank4        00000
__Hbank5                  bank5        00000
__Hbank6                  bank6        00000
__Hbank7                  bank7        00000
__Hbank8                  bank8        00000
__Hbank9                  bank9        00000
__Hbigram                 bigram       00000
__HbssBANK0               bssBANK0     00000
__Hcinit                  cinit        00800
__Hclrtext                clrtext      00000
__Hcode                   code         00000
__Hcommon                 common       00000
__Hconfig                 config       08009
__HcstackBANK0            cstackBANK0  00000
__HcstackCOMMON           cstackCOMMON 00000
__HdataBANK0              dataBANK0    00000
__Heeprom_data            eeprom_data  00000
__Hend_init               end_init     00004
__Hfunctab                functab      00000
__Hheap                   heap         00000
__HidataBANK0             idataBANK0   00000
__Hidloc                  idloc        08004
__Hinit                   init         00002
__Hinittext               inittext     00000
__Hintentry               intentry     00002
__Hmaintext               maintext     00000
__Hpowerup                powerup      00000
__Hram                    ram          00000
__Hreset_vec              reset_vec    00002
__Hsfr0                   sfr0         00000
__Hsfr1                   sfr1         00000
__Hsfr10                  sfr10        00000
__Hsfr11                  sfr11        00000
__Hsfr12                  sfr12        00000
__Hsfr13                  sfr13        00000
__Hsfr14                  sfr14        00000
__Hsfr15                  sfr15        00000
__Hsfr16                  sfr16        00000
__Hsfr17                  sfr17        00000
__Hsfr18                  sfr18        00000
__Hsfr19                  sfr19        00000
__Hsfr2                   sfr2         00000
__Hsfr20                  sfr20        00000
__Hsfr21                  sfr21        00000
__Hsfr22                  sfr22        00000
__Hsfr23                  sfr23        00000
__Hsfr24                  sfr24        00000
__Hsfr25                  sfr25        00000
__Hsfr26                  sfr26        00000
__Hsfr27                  sfr27        00000
__Hsfr28                  sfr28        00000
__Hsfr29                  sfr29        00000
__Hsfr3                   sfr3         00000
__Hsfr30                  sfr30        00000
__Hsfr31                  sfr31        00000
__Hsfr4                   sfr4         00000
__Hsfr5                   sfr5         00000
__Hsfr6                   sfr6         00000
__Hsfr7                   sfr7         00000
__Hsfr8                   sfr8         00000
__Hsfr9                   sfr9         00000
__Hspace_0                (abs)        00800
__Hspace_1                (abs)        0007E
__Hspace_2                (abs)        00000
__Hspace_3                (abs)        00000
__Hspace_4                (abs)        10010
__Hstack                  stack        00000
__Hstrings                strings      00000
__Htext                   text         00000
__Labs1                   abs1         00000
__Lbank0                  bank0        00000
__Lbank1                  bank1        00000
__Lbank10                 bank10       00000
__Lbank11                 bank11       00000
__Lbank12                 bank12       00000
__Lbank13                 bank13       00000
__Lbank14                 bank14       00000
__Lbank15                 bank15       00000
__Lbank16                 bank16       00000
__Lbank17                 bank17       00000
__Lbank18                 bank18       00000
__Lbank19                 bank19       00000
__Lbank2                  bank2        00000
__Lbank20                 bank20       00000
__Lbank21                 bank21       00000
__Lbank22                 bank22       00000
__Lbank23                 bank23       00000
__Lbank24                 bank24       00000
__Lbank25                 bank25       00000
__Lbank26                 bank26       00000
__Lbank27                 bank27       00000
__Lbank28                 bank28       00000
__Lbank29                 bank29       00000
__Lbank3                  bank3        00000
__Lbank30                 bank30       00000
__Lbank31                 bank31       00000
__Lbank4                  bank4        00000
__Lbank5                  bank5        00000
__Lbank6                  bank6        00000
__Lbank7                  bank7        00000
__Lbank8                  bank8        00000
__Lbank9                  bank9        00000
__Lbigram                 bigram       00000
__LbssBANK0               bssBANK0     00000
__Lcinit                  cinit        007E9
__Lclrtext                clrtext      00000
__Lcode                   code         00000
__Lcommon                 common       00000
__Lconfig                 config       00000
__LcstackBANK0            cstackBANK0  00000
__LcstackCOMMON           cstackCOMMON 00000
__LdataBANK0              dataBANK0    00000
__Leeprom_data            eeprom_data  00000
__Lend_init               end_init     00002
__Lfunctab                functab      00000
__Lheap                   heap         00000
__LidataBANK0             idataBANK0   00000
__Lidloc                  idloc        00000
__Linit                   init         00002
__Linittext               inittext     00000
__Lintentry               intentry     00002
__Lmaintext               maintext     00000
__Lpowerup                powerup      00000
__Lram                    ram          00000
__Lreset_vec              reset_vec    00000
__Lsfr0                   sfr0         00000
__Lsfr1                   sfr1         00000
__Lsfr10                  sfr10        00000
__Lsfr11                  sfr11        00000
__Lsfr12                  sfr12        00000
__Lsfr13                  sfr13        00000
__Lsfr14                  sfr14        00000
__Lsfr15                  sfr15        00000
__Lsfr16                  sfr16        00000
__Lsfr17                  sfr17        00000
__Lsfr18                  sfr18        00000
__Lsfr19                  sfr19        00000
__Lsfr2                   sfr2         00000
__Lsfr20                  sfr20        00000
__Lsfr21                  sfr21        00000
__Lsfr22                  sfr22        00000
__Lsfr23                  sfr23        00000
__Lsfr24                  sfr24        00000
__Lsfr25                  sfr25        00000
__Lsfr26                  sfr26        00000
__Lsfr27                  sfr27        00000
__Lsfr28                  sfr28        00000
__Lsfr29                  sfr29        00000
__Lsfr3                   sfr3         00000
__Lsfr30                  sfr30        00000
__Lsfr31                  sfr31        00000
__Lsfr4                   sfr4         00000
__Lsfr5                   sfr5         00000
__Lsfr6                   sfr6         00000
__Lsfr7                   sfr7         00000
__Lsfr8                   sfr8         00000
__Lsfr9                   sfr9         00000
__Lspace_0                (abs)        00000
__Lspace_1                (abs)        00000
__Lspace_2                (abs)        00000
__Lspace_3                (abs)        00000
__Lspace_4                (abs)        00000
__Lstack                  stack        00000
__Lstrings                strings      00000
__Ltext                   text         00000
__S0                      (abs)        00800
__S1                      (abs)        0007E
__S3                      (abs)        00000
___heap_hi                (abs)        00000
___heap_lo                (abs)        00000
___int_sp                 stack        00000
___latbits                (abs)        00001
___lldiv                  text7        006AA
___lldiv@counter          cstackBANK0  0002C
___lldiv@dividend         cstackBANK0  00024
___lldiv@divisor          cstackBANK0  00020
___lldiv@quotient         cstackBANK0  00028
___llmod                  text6        00609
___llmod@counter          cstackBANK0  00035
___llmod@dividend         cstackBANK0  00031
___llmod@divisor          cstackBANK0  0002D
___lmul                   text5        004DA
___lmul@multiplicand      cstackCOMMON 00074
___lmul@multiplier        cstackCOMMON 00070
___lmul@product           cstackCOMMON 00078
___sp                     stack        00000
___stackhi                (abs)        00000
___stacklo                (abs)        00000
__end_of_ASCII_Con        text13       00480
__end_of_Matematicas_7seg text12       00542
__end_of_UART_print       text10       004B5
__end_of_UART_write       text11       00465
__end_of___lldiv          text7        00705
__end_of___llmod          text6        00654
__end_of___lmul           text5        0050D
__end_of__initialization  cinit        007FD
__end_of_init_IO          text8        005C2
__end_of_init_UART        text9        00472
__end_of_main             maintext     00609
__end_of_mathBCD          text4        007E9
__end_of_readADC          text3        004DA
__end_of_showNumber       text2        0057D
__end_of_showNumbers      text1        006AA
__initialization          cinit        007E9
__pbssBANK0               bssBANK0     0005C
__pcstackBANK0            cstackBANK0  00020
__pcstackCOMMON           cstackCOMMON 00070
__pdataBANK0              dataBANK0    00048
__pidataBANK0             idataBANK0   00480
__pmaintext               maintext     005C2
__ptext1                  text1        00654
__ptext10                 text10       00494
__ptext11                 text11       0045C
__ptext12                 text12       0050D
__ptext13                 text13       00472
__ptext2                  text2        00542
__ptext3                  text3        004B5
__ptext4                  text4        00705
__ptext5                  text5        004DA
__ptext6                  text6        00609
__ptext7                  text7        006AA
__ptext8                  text8        0057D
__ptext9                  text9        00465
_init_IO                  text8        0057D
_init_UART                text9        00465
_main                     maintext     005C2
_mathBCD                  text4        00705
_mathBCD$1209             cstackBANK0  0003E
_readADC                  text3        004B5
_showNumber               text2        00542
_showNumbers              text1        00654
btemp                     (abs)        0007E
clear_ram0                clrtext      00450
end_of_initialization     cinit        007FD
init_ram                  inittext     00456
intlevel0                 functab      00000
intlevel1                 functab      00000
intlevel2                 functab      00000
intlevel3                 functab      00000
intlevel4                 functab      00000
intlevel5                 functab      00000
main@dataADC              cstackBANK0  00042
main@formato7segmentos    cstackBANK0  00046
main@numerosBCD           cstackBANK0  00047
mathBCD@iADC              cstackBANK0  00036
mathBCD@r                 bssBANK0     00062
readADC@r                 cstackCOMMON 00079
reset_vec                 reset_vec    00000
showNumber@digit          cstackCOMMON 00070
showNumbers@digits        cstackCOMMON 00076
showNumbers@i             cstackCOMMON 00074
start                     init         00002
start_initialization      cinit        007E9
wtemp0                    (abs)        0007E


MODULE INFORMATION

Module		Function		Class		Link	Load	Size
C:\Program Files\Microchip\xc8\v2.40\pic\sources\c99\common\__lldiv.c
		___lldiv       		CODE           	06AA	0000	91

C:\Program Files\Microchip\xc8\v2.40\pic\sources\c99\common\__lldiv.c estimated size: 91

C:\Program Files\Microchip\xc8\v2.40\pic\sources\c99\common\Umul32.c
		___lmul        		CODE           	04DA	0000	51

C:\Program Files\Microchip\xc8\v2.40\pic\sources\c99\common\Umul32.c estimated size: 51

shared
		__initialization		CODE           	07E9	0000	20

shared estimated size: 20

C:\Program Files\Microchip\xc8\v2.40\pic\sources\c99\common\llmod.c
		___llmod       		CODE           	0609	0000	75

C:\Program Files\Microchip\xc8\v2.40\pic\sources\c99\common\llmod.c estimated size: 75

init.c
		_init_IO       		CODE           	057D	0000	69

init.c estimated size: 69

main.c
		_main          		CODE           	05C2	0000	71

main.c estimated size: 71

funtions.c
		_ASCII_Con     		CODE           	0472	0000	14
		_showNumber    		CODE           	0542	0000	59
		_showNumbers   		CODE           	0654	0000	86
		_init_UART     		CODE           	0465	0000	13
		_mathBCD       		CODE           	0705	0000	228
		_UART_print    		CODE           	0494	0000	33
		_Matematicas_7seg		CODE           	050D	0000	53
		_UART_write    		CODE           	045C	0000	9
		_readADC       		CODE           	04B5	0000	37

funtions.c estimated size: 532

